
> ugskill-api@1.0.0 dev
> tsx --watch src/server.ts

◇ injected env (10) from .env // tip: ⌁ auth for agents [www.vestauth.com]
2026-05-20 08:42:44 [[33mwarn[39m]: ⚠️ REDIS_URL not provided — app running without cache 
2026-05-20 08:42:45 [[33mwarn[39m]: [Sentry] SENTRY_DSN not set — error tracking disabled 
◇ injected env (0) from .env // tip: ⌘ custom filepath { path: '/custom/path/.env' }
2026-05-20 08:42:45 [[32minfo[39m]: ✅ MongoDB Connected: localhost 
🔗 Connected to database.
🔍 Checking if admin user (admin@ugskill.com) already exists...
✅ Admin user already exists (id: 1d216604-5eeb-422a-8e70-fe4db3051fcf). Nothing to do.
2026-05-20 08:42:48 [[32minfo[39m]: [Socket] Socket.io server initialized 
2026-05-20 08:42:48 [[32minfo[39m]: ProctoringService registered with Socket.io 
2026-05-20 08:42:48 [[32minfo[39m]: 🚀 Server running on http://localhost:4000 in development mode 
2026-05-20 08:42:48 [[32minfo[39m]: ⚡ Socket.io ready on /exam, /chat, /tracking, /interview, /gd, /leaderboard 
2026-05-20 08:42:54 [[32minfo[39m]: User logged in {"userId":"6c0dbd4c-2108-4e32-a051-e764722aa88a","email":"student@ugskill.com"}
2026-05-20 08:42:54 [[32minfo[39m]: POST /api/v1/auth/login 200 1071 - 2684.188 ms - reqId:- 
2026-05-20 08:42:55 [[32minfo[39m]: Listing exams for user 6c0dbd4c-2108-4e32-a051-e764722aa88a with roles student. isStudent: true 
2026-05-20 08:42:55 [[32minfo[39m]: ExamService.listExams called with filters: {"studentId":"6c0dbd4c-2108-4e32-a051-e764722aa88a"} 
ExamRepository.findMany filters: { studentId: '6c0dbd4c-2108-4e32-a051-e764722aa88a' }
2026-05-20 08:42:55 [[32minfo[39m]: GET /api/v1/lms/enrollments/mine?limit=6 200 459 - 373.930 ms - reqId:- 
2026-05-20 08:42:56 [[32minfo[39m]: GET /api/v1/lms/enrollments/mine?limit=6 304 - - 384.021 ms - reqId:- 
2026-05-20 08:42:56 [[32minfo[39m]: GET /api/v1/leaderboards?scope=global&limit=3 200 52 - 1067.405 ms - reqId:- 
2026-05-20 08:42:56 [[32minfo[39m]: Repository returned 2 exams 
2026-05-20 08:42:56 [[32minfo[39m]: GET /api/v1/leaderboards?scope=global&limit=3 304 - - 395.581 ms - reqId:- 
2026-05-20 08:42:56 [[32minfo[39m]: GET /api/v1/lms/streaks/me 200 242 - 1563.801 ms - reqId:- 
2026-05-20 08:42:56 [[32minfo[39m]: Found 2 exams. Total: 2 
2026-05-20 08:42:56 [[32minfo[39m]: GET /api/v1/exams 200 1806 - 1650.066 ms - reqId:- 
2026-05-20 08:42:56 [[32minfo[39m]: Listing exams for user 6c0dbd4c-2108-4e32-a051-e764722aa88a with roles student. isStudent: true 
2026-05-20 08:42:56 [[32minfo[39m]: ExamService.listExams called with filters: {"studentId":"6c0dbd4c-2108-4e32-a051-e764722aa88a"} 
ExamRepository.findMany filters: { studentId: '6c0dbd4c-2108-4e32-a051-e764722aa88a' }
2026-05-20 08:42:57 [[32minfo[39m]: Repository returned 2 exams 
2026-05-20 08:42:57 [[32minfo[39m]: GET /api/v1/lms/courses/6a01fe8b0cef37dbaf97a899/progress 200 492 - 635.450 ms - reqId:- 
2026-05-20 08:42:57 [[32minfo[39m]: Found 2 exams. Total: 2 
2026-05-20 08:42:57 [[32minfo[39m]: GET /api/v1/exams 304 - - 716.819 ms - reqId:- 
2026-05-20 08:42:57 [[32minfo[39m]: Listing exams for user 6c0dbd4c-2108-4e32-a051-e764722aa88a with roles student. isStudent: true 
2026-05-20 08:42:57 [[32minfo[39m]: ExamService.listExams called with filters: {"studentId":"6c0dbd4c-2108-4e32-a051-e764722aa88a"} 
ExamRepository.findMany filters: { studentId: '6c0dbd4c-2108-4e32-a051-e764722aa88a' }
2026-05-20 08:42:58 [[32minfo[39m]: Repository returned 2 exams 
2026-05-20 08:42:58 [[32minfo[39m]: GET /api/v1/lms/courses/6a01fe8b0cef37dbaf97a899/progress 304 - - 576.888 ms - reqId:- 
2026-05-20 08:42:58 [[32minfo[39m]: Found 2 exams. Total: 2 
2026-05-20 08:42:58 [[32minfo[39m]: GET /api/v1/exams 304 - - 725.527 ms - reqId:- 
2026-05-20 08:42:58 [[32minfo[39m]: GET /api/v1/exams/72edbc24-27f1-4ede-b37a-069daf3d12e1 200 1762 - 358.333 ms - reqId:- 
2026-05-20 08:42:59 [[32minfo[39m]: GET /api/v1/lms/courses/6a01fe8b0cef37dbaf97a899 200 7271 - 2682.958 ms - reqId:- 
2026-05-20 08:43:01 [[32minfo[39m]: [Heuristic AI] Simulating frame analysis {"attemptId":"preflight"}
2026-05-20 08:43:01 [[32minfo[39m]: GET /api/v1/lms/courses/6a01fe8b0cef37dbaf97a899 200 7271 - 2359.525 ms - reqId:- 
2026-05-20 08:43:02 [[32minfo[39m]: POST /api/v1/proctoring/analyze-frame 200 129 - 265.503 ms - reqId:- 
2026-05-20 08:43:02 [[32minfo[39m]: Starting exam attempt {"studentId":"6c0dbd4c-2108-4e32-a051-e764722aa88a","examId":"72edbc24-27f1-4ede-b37a-069daf3d12e1"}
2026-05-20 08:43:03 [[31merror[39m]: startAttempt failed {"error":"This exam is not published yet.","stack":"ValidationError: This exam is not published yet.\n    at ExamService.ensureExamWindowAllowsStart (c:\\Users\\nikhi\\Downloads\\ugskill\\ugskill-api\\src\\modules\\exam\\exam.service.ts:447:13)\n    at ExamService.startAttempt (c:\\Users\\nikhi\\Downloads\\ugskill\\ugskill-api\\src\\modules\\exam\\exam.service.ts:373:14)\n    at process.processTicksAndRejections (node:internal/process/task_queues:105:5)\n    at async startAttempt (c:\\Users\\nikhi\\Downloads\\ugskill\\ugskill-api\\src\\modules\\exam\\exam.controller.ts:210:21)","studentId":"6c0dbd4c-2108-4e32-a051-e764722aa88a","examId":"72edbc24-27f1-4ede-b37a-069daf3d12e1"}
2026-05-20 08:43:03 [[32minfo[39m]: POST /api/v1/exams/72edbc24-27f1-4ede-b37a-069daf3d12e1/attempts/start 400 96 - 463.272 ms - reqId:- 
